// Jest Snapshot v1, https://goo.gl/fbAQLP

exports[`Pagination should match snapshot 1`] = `
.c0 {
  display: -webkit-box;
  display: -webkit-flex;
  display: -ms-flexbox;
  display: flex;
  -webkit-box-pack: justify;
  -webkit-justify-content: space-between;
  -ms-flex-pack: justify;
  justify-content: space-between;
  -webkit-align-items: center;
  -webkit-box-align: center;
  -ms-flex-align: center;
  align-items: center;
  -webkit-flex-wrap: wrap;
  -ms-flex-wrap: wrap;
  flex-wrap: wrap;
}

.c1 {
  padding: 6px;
  border: 1px solid #707070;
  background-color: #FFFFFF;
  min-width: 34px;
  height: 34px;
  width: 46px;
}

.c1:hover {
  background-color: #EFEFEF;
}

.c2 {
  padding: 6px;
  border: 1px solid #707070;
  background-color: #FFFFFF;
  min-width: 34px;
  height: 34px;
}

.c2:hover {
  background-color: #EFEFEF;
}

.c3 {
  padding: 6px;
  border: 1px solid #707070;
  background-color: #FFFFFF;
  min-width: 34px;
  height: 34px;
  font-weight: bold;
  color: #FFFFFF;
  background-color: #3F7EF0;
}

.c3:hover {
  background-color: #EFEFEF;
}

.c3:hover {
  background-color: #3F7EF0;
}

.c4 {
  padding: 6px;
  border: 1px solid #707070;
  background-color: #FFFFFF;
  min-width: 34px;
  height: 34px;
  margin-left: 6px;
  height: 28px;
}

.c4:hover {
  background-color: #EFEFEF;
}

.c5 {
  padding: 6px;
  border: 1px solid #707070;
  background-color: #FFFFFF;
  min-width: 34px;
  height: 34px;
  margin-left: 6px;
  height: 28px;
  font-weight: bold;
  color: #FFFFFF;
  background-color: #3F7EF0;
}

.c5:hover {
  background-color: #EFEFEF;
}

.c5:hover {
  background-color: #3F7EF0;
}

@media (max-width:480px) {
  .c0 {
    -webkit-box-pack: center;
    -webkit-justify-content: center;
    -ms-flex-pack: center;
    justify-content: center;
  }

  .c0 > *:first-child {
    margin-bottom: 6px;
  }
}

<div>
  <div
    class="c0"
  >
    <div>
      <button
        class="c1"
        data-testid="firstBtnId"
      >
        First
      </button>
      <button
        class="c1"
      >
        Prev
      </button>
      <button
        class="c2"
      >
        1
      </button>
      <button
        class="c3"
      >
        2
      </button>
      <button
        class="c2"
      >
        3
      </button>
      <button
        class="c1"
      >
        Next
      </button>
      <button
        class="c1"
      >
        Last
      </button>
    </div>
    <div>
      <strong>
        Page size
      </strong>
      <button
        class="c4"
        data-testid="pageSize10BtnId"
      >
        10
      </button>
      <button
        class="c5"
        data-testid="pageSize15BtnId"
      >
        15
      </button>
      <button
        class="c4"
        data-testid="pageSize20BtnId"
      >
        20
      </button>
    </div>
  </div>
</div>
`;

exports[`Pagination should trigger onChangePage handler 1`] = `[MockFunction]`;

exports[`Pagination should trigger onChangePageSize handler 1`] = `[MockFunction]`;
